Asymmetric objects must have a primary key named _id

in: asset:pkg/test/error_test_data/asymmetric_wrong_pk.dart:6:17
  ╷
3 │ @RealmModel(ObjectType.asymmetricObject)
4 │ class _BadAsymmetric {
  │       ━━━━━━━━━━━━━━ in realm model for 'BadAsymmetric'
5 │   @PrimaryKey()
6 │   late ObjectId wrongName;
  │                 ^^^^^^^^^ !
  ╵
Add @MapTo("_id") to the @PrimaryKey field

