Backlink must point to a valid field

in: asset:pkg/test/error_test_data/backlink_unknown_symbol.dart:11:8
   ╷
8  │ @RealmModel()
9  │ class _Target {
   │       ━━━━━━━ in realm model for 'Target'
10 │   @Backlink(#unknownSymbol)
11 │   late Iterable<_Source> backlinks;
   │        ^^^^^^^^^^^^^^^^^ _Source does not have a field named unknownSymbol
   ╵