Realm only support indexes on String, int, and bool fields

in: asset:pkg/test/error_test_data/bool_not_allowed_on_indexed_field.dart:9:8
  ╷
5 │ @RealmModel()
6 │ @MapTo('Bad')
7 │ class _Foo {
  │       ━━━━ in realm model for 'Bad'
8 │   @Indexed()
9 │   late bool bad;
  │        ^^^^ bool is not an indexable type
  ╵
Change the type of 'bad', or remove the @Indexed() annotation

