Field type not supported yet

in: asset:pkg/test/error_test_data/map_unsupported.dart:7:8
  ╷
5 │ @RealmModel()
6 │ class _Person {
  │       ━━━━━━━ in realm model for 'Person'
7 │   late Map<String, _Person> relatives;
  │        ^^^^^^^^^^^^^^^^^^^^ not yet supported
  ╵
Avoid using Map<String, _Person> for now

