Not a realm type

in: asset:pkg/test/error_test_data/not_a_realm_type.dart:9:8
    ╷
5   │ class NonRealm {}
    │       ━━━━━━━━ 
... │
7   │ @RealmModel()
8   │ class _Bad {
    │       ━━━━ in realm model for 'Bad'
9   │   late NonRealm notARealmType;
    │        ^^^^^^^^ NonRealm is not a realm model type
    ╵
Add a @RealmModel annotation on 'NonRealm', or an @Ignored annotation on 'notARealmType'.

