Realm object references should not have default values

in: asset:pkg/test/error_test_data/realm_object_reference_default_values.dart:8:26
    ╷
5   │ @RealmModel()
6   │ class _Person {
    │       ━━━━━━━ in realm model for 'Person'
... │
8   │   late _Person? parent = Person();
    │                          ^^^^^^^^  Remove the default value
    ╵
Remove the default value for field "parent"

