Repeated annotation

in: asset:pkg/test/error_test_data/repeated_class_annotations.dart:7:1
    ╷
5   │ @RealmModel()
    │ ━━━━━━━━━━━━━ 
... │
7   │ @RealmModel()
    │ ^^^^^^^^^^^^^ duplicated annotation
8   │ class _Bad {}
    ╵
Remove all duplicated @RealmModel() annotations.

