Duplicate definition

in: asset:pkg/test/error_test_data/reusing_map_to_name.dart:11:7
    ╷
5   │ @RealmModel()
6   │ @MapTo('Bad3')
7   │ class _Foo {}
    │       ━━━━ 
... │
9   │ @MapTo('Bad3')
10  │ @RealmModel()
11  │ class _Bar {}
    │       ^^^^ realm model '_Foo' already defines 'Bad3'
    ╵
Duplicate realm model definitions '_Bar' and '_Foo'.

