Field initializers must be constant

in: asset:pkg/test/error_test_data/const_initializer.dart:9:12
  ╷
7 │ @RealmModel()
8 │ class _Bad {
  │       ━━━━ in realm model for 'Bad'
9 │   var id = Random().nextInt(1000);
  │            ^^^^^^^^^^^^^^^^^^^^^^ Must be const
  ╵
Ensure the default value for field "id" is const