Backlink must be an iterable of realm objects

in: asset:pkg/test/error_test_data/backlink_annotation_on_incompatible_field.dart:6:8
  ╷
3 │ @RealmModel()
4 │ class _Foo {
  │       ━━━━ in realm model for 'Foo'
5 │   @Backlink(#bad)
6 │   late bool bad;
  │        ^^^^ bool is not an iterable of realm objects
  ╵
  