Non-empty default values for sets are not supported.

in: asset:pkg/test/error_test_data/set_non_empty_initializer.dart:8:30
    ╷
5   │ @RealmModel()
6   │ class _Bad {
    │       ━━━━ in realm model for 'Bad'
... │
8   │   final setWithInitializer = {0};
    │                              ^^^ Remove the default value.
    ╵
Remove the default value for field setWithInitializer or change it to be an empty collection.

