Field type not supported yet

in: asset:pkg/test/generator_test_io/set_unsupported.dart:7:8
  ╷
5 │ @RealmModel()
6 │ class _Person {
  │       ━━━━━━━ in realm model for 'Person'
7 │   late Set<_Person> children;
  │        ^^^^^^^^^^^^ not yet supported
  ╵
Avoid using Set<_Person> for now

