// GENERATED CODE - DO NOT MODIFY BY HAND

part of 'all_named_ctor.dart';

// **************************************************************************
// RealmObjectGenerator
// **************************************************************************

// ignore_for_file: type=lint
class Person extends _Person with RealmEntity, RealmObjectBase, RealmObject {
  static var _defaultsSet = false;

  Person({
    required String name,
    int age = 42,
  }) {
    if (!_defaultsSet) {
      _defaultsSet = RealmObjectBase.setDefaults<Person>({
        'age': 42,
      });
    }
    RealmObjectBase.set(this, 'name', name);
    RealmObjectBase.set(this, 'age', age);
  }

  Person._();

  @override
  String get name => RealmObjectBase.get<String>(this, 'name') as String;
  @override
  set name(String value) => RealmObjectBase.set(this, 'name', value);

  @override
  int get age => RealmObjectBase.get<int>(this, 'age') as int;
  @override
  set age(int value) => RealmObjectBase.set(this, 'age', value);

  @override
  Stream<RealmObjectChanges<Person>> get changes =>
      RealmObjectBase.getChanges<Person>(this);

  @override
  Stream<RealmObjectChanges<Person>> changesFor([List<String>? keyPaths]) =>
      RealmObjectBase.getChangesFor<Person>(this, keyPaths);

  @override
  Person freeze() => RealmObjectBase.freezeObject<Person>(this);

  EJsonValue toEJson() {
    return <String, dynamic>{
      'name': name.toEJson(),
      'age': age.toEJson(),
    };
  }

  static EJsonValue _toEJson(Person value) => value.toEJson();
  static Person _fromEJson(EJsonValue ejson) {
    return switch (ejson) {
      {
        'name': EJsonValue name,
        'age': EJsonValue age,
      } =>
        Person(
          name: fromEJson(name),
          age: fromEJson(age),
        ),
      _ => raiseInvalidEJson(ejson),
    };
  }

  static final schema = () {
    RealmObjectBase.registerFactory(Person._);
    register(_toEJson, _fromEJson);
    return SchemaObject(ObjectType.realmObject, Person, 'Person', [
      SchemaProperty('name', RealmPropertyType.string),
      SchemaProperty('age', RealmPropertyType.int),
    ]);
  }();

  @override
  SchemaObject get objectSchema => RealmObjectBase.getSchema(this) ?? schema;
}
