// GENERATED CODE - DO NOT MODIFY BY HAND

part of 'optional_argument.dart';

// **************************************************************************
// RealmObjectGenerator
// **************************************************************************

// ignore_for_file: type=lint
class Person extends _Person with RealmEntity, RealmObjectBase, RealmObject {
  @ejson
  Person({
    Person? spouse,
  }) {
    RealmObjectBase.set(this, 'spouse', spouse);
  }

  Person._();

  @override
  Person? get spouse => RealmObjectBase.get<Person>(this, 'spouse') as Person?;
  @override
  set spouse(covariant Person? value) =>
      RealmObjectBase.set(this, 'spouse', value);

  @override
  Stream<RealmObjectChanges<Person>> get changes =>
      RealmObjectBase.getChanges<Person>(this);

  @override
  Person freeze() => RealmObjectBase.freezeObject<Person>(this);

  static SchemaObject get schema => _schema ??= _initSchema();
  static SchemaObject? _schema;
  static SchemaObject _initSchema() {
    RealmObjectBase.registerFactory(Person._);
    return const SchemaObject(ObjectType.realmObject, Person, 'Person', [
      SchemaProperty('spouse', RealmPropertyType.object,
          optional: true, linkTarget: 'Person'),
    ]);
  }
}

