// GENERATED CODE - DO NOT MODIFY BY HAND

part of 'pinhole.dart';

// **************************************************************************
// RealmObjectGenerator
// **************************************************************************

// ignore_for_file: type=lint
class Foo extends _Foo with RealmEntity, RealmObjectBase, RealmObject {
  static var _defaultsSet = false;

  Foo({
    int x = 0,
  }) {
    if (!_defaultsSet) {
      _defaultsSet = RealmObjectBase.setDefaults<Foo>({
        'x': 0,
      });
    }
    RealmObjectBase.set(this, 'x', x);
  }

  Foo._();

  @override
  int get x => RealmObjectBase.get<int>(this, 'x') as int;
  @override
  set x(int value) => RealmObjectBase.set(this, 'x', value);

  @override
  Stream<RealmObjectChanges<Foo>> get changes =>
      RealmObjectBase.getChanges<Foo>(this);

  @override
  Stream<RealmObjectChanges<Foo>> changesFor([List<String>? keyPaths]) =>
      RealmObjectBase.getChangesFor<Foo>(this, keyPaths);

  @override
  Foo freeze() => RealmObjectBase.freezeObject<Foo>(this);

  EJsonValue toEJson() {
    return <String, dynamic>{
      'x': x.toEJson(),
    };
  }

  static EJsonValue _toEJson(Foo value) => value.toEJson();
  static Foo _fromEJson(EJsonValue ejson) {
    return switch (ejson) {
      {
        'x': EJsonValue x,
      } =>
        Foo(
          x: fromEJson(x),
        ),
      _ => raiseInvalidEJson(ejson),
    };
  }

  static final schema = () {
    RealmObjectBase.registerFactory(Foo._);
    register(_toEJson, _fromEJson);
    return SchemaObject(ObjectType.realmObject, Foo, 'Foo', [
      SchemaProperty('x', RealmPropertyType.int),
    ]);
  }();

  @override
  SchemaObject get objectSchema => RealmObjectBase.getSchema(this) ?? schema;
}
