// GENERATED CODE - DO NOT MODIFY BY HAND

part of 'required_argument.dart';

// **************************************************************************
// RealmObjectGenerator
// **************************************************************************

// ignore_for_file: type=lint
class Person extends _Person with RealmEntity, RealmObjectBase, RealmObject {
  Person(
    String name,
  ) {
    RealmObjectBase.set(this, 'name', name);
  }

  Person._();

  @override
  String get name => RealmObjectBase.get<String>(this, 'name') as String;
  @override
  set name(String value) => RealmObjectBase.set(this, 'name', value);

  @override
  Stream<RealmObjectChanges<Person>> get changes =>
      RealmObjectBase.getChanges<Person>(this);

  @override
  Stream<RealmObjectChanges<Person>> changesFor([List<String>? keyPaths]) =>
      RealmObjectBase.getChangesFor<Person>(this, keyPaths);

  @override
  Person freeze() => RealmObjectBase.freezeObject<Person>(this);

  EJsonValue toEJson() {
    return <String, dynamic>{
      'name': name.toEJson(),
    };
  }

  static EJsonValue _toEJson(Person value) => value.toEJson();
  static Person _fromEJson(EJsonValue ejson) {
    return switch (ejson) {
      {
        'name': EJsonValue name,
      } =>
        Person(
          fromEJson(name),
        ),
      _ => raiseInvalidEJson(ejson),
    };
  }

  static final schema = () {
    RealmObjectBase.registerFactory(Person._);
    register(_toEJson, _fromEJson);
    return SchemaObject(ObjectType.realmObject, Person, 'Person', [
      SchemaProperty('name', RealmPropertyType.string, primaryKey: true),
    ]);
  }();

  @override
  SchemaObject get objectSchema => RealmObjectBase.getSchema(this) ?? schema;
}
