// GENERATED CODE - DO NOT MODIFY BY HAND

part of 'required_argument_with_default_value.dart';

// **************************************************************************
// RealmObjectGenerator
// **************************************************************************

// ignore_for_file: type=lint
class Person extends _Person with RealmEntity, RealmObjectBase, RealmObject {
  static var _defaultsSet = false;

  Person({
    int age = 47,
  }) {
    if (!_defaultsSet) {
      _defaultsSet = RealmObjectBase.setDefaults<Person>({
        'age': 47,
      });
    }
    RealmObjectBase.set(this, 'age', age);
  }

  Person._();

  @override
  int get age => RealmObjectBase.get<int>(this, 'age') as int;
  @override
  set age(int value) => RealmObjectBase.set(this, 'age', value);

  @override
  Stream<RealmObjectChanges<Person>> get changes =>
      RealmObjectBase.getChanges<Person>(this);

  @override
  Person freeze() => RealmObjectBase.freezeObject<Person>(this);

  EJsonValue toEJson() {
    return <String, dynamic>{
      'age': age.toEJson(),
    };
  }

  static EJsonValue _toEJson(Person value) => value.toEJson();
  static Person _fromEJson(EJsonValue ejson) {
    return switch (ejson) {
      {
        'age': EJsonValue age,
      } =>
        Person(
          age: fromEJson(age),
        ),
      _ => raiseInvalidEJson(ejson),
    };
  }

  static final schema = () {
    RealmObjectBase.registerFactory(Person._);
    register(_toEJson, _fromEJson);
    return SchemaObject(ObjectType.realmObject, Person, 'Person', [
      SchemaProperty('age', RealmPropertyType.int),
    ]);
  }();

  @override
  SchemaObject get objectSchema => RealmObjectBase.getSchema(this) ?? schema;
}
