// GENERATED CODE - DO NOT MODIFY BY HAND

part of 'user_defined_getter.dart';

// **************************************************************************
// RealmObjectGenerator
// **************************************************************************

// ignore_for_file: type=lint
class Person extends _Person with RealmEntity, RealmObjectBase, RealmObject {
  Person(
    String name,
  ) {
    RealmObjectBase.set(this, 'name', name);
  }

  Person._();

  @override
  String get name => RealmObjectBase.get<String>(this, 'name') as String;
  @override
  set name(String value) => RealmObjectBase.set(this, 'name', value);

  @override
  Stream<RealmObjectChanges<Person>> get changes =>
      RealmObjectBase.getChanges<Person>(this);

  @override
  Person freeze() => RealmObjectBase.freezeObject<Person>(this);

  static EJsonValue _encodePerson(Person value) {
    return <String, dynamic>{
      'name': toEJson(value.name),
    };
  }

  static Person _decodePerson(EJsonValue ejson) {
    return switch (ejson) {
      {
        'name': EJsonValue name,
      } =>
        Person(
          fromEJson(name),
        ),
      _ => raiseInvalidEJson(ejson),
    };
  }

  static final schema = () {
    RealmObjectBase.registerFactory(Person._);
    register(_encodePerson, _decodePerson);
    return const SchemaObject(ObjectType.realmObject, Person, 'Person', [
      SchemaProperty('name', RealmPropertyType.string),
    ]);
  }();
}
